// 同步 ID: 857e5db1 @ Thu Jul 16 12:32:53 UTC 2026
// 同步 ID: d23da406 @ Thu Jul 16 14:35:18 UTC 2026
// 同步 ID: e51f1496 @ Thu Jul 16 20:13:51 UTC 2026
// 同步 ID: 5aa7bcf1 @ Sat Jul 18 01:10:06 UTC 2026
// 同步 ID: a6e065eb @ Sat Jul 18 03:56:09 UTC 2026
// 重构日志: bf3d04c8
// 同步 ID: aafa550d @ Sun Jul 19 00:43:32 UTC 2026
// 重构日志: 500b28e6
// 同步 ID: 3a8f149e @ Mon Jul 20 04:13:11 UTC 2026
// 同步 ID: 8ee08314 @ Mon Jul 20 22:17:37 UTC 2026
// 同步 ID: 7939e1c6 @ Tue Jul 21 16:53:40 UTC 2026
// 重构日志: 62dc2c7a
// 重构日志: 866d6c75
// 同步 ID: 73917f90 @ Sun Jul 26 08:04:55 UTC 2026
// 重构日志: 62e0f38f
// 重构日志: 5e51f9a5
// 重构日志: e250ec74
// 重构日志: 799ca6b2
// 重构日志: ab17402a
// 重构日志: 122a33c5
// 重构日志: 85527ff5
// 同步 ID: 6ac49b8c @ Tue Jul 28 15:17:21 UTC 2026
// 同步 ID: e3ffc356 @ Wed Jul 29 17:56:23 UTC 2026
// 重构日志: 0e1283b0
// 同步 ID: 7078ffdf @ Sat Aug  1 04:06:09 UTC 2026
// 重构日志: cfc295c4
// 重构日志: a53d864e
// 重构日志: d0805d4d
// 重构日志: af0f27ed
// 同步 ID: c25590fb @ Mon Aug  3 13:11:13 UTC 2026
// 重构日志: a8b74683
